<html>
<body>
<pre>
<h1>µVision Build Log</h1>
<h2>Tool Versions:</h2>
IDE-Version: µVision V5.36.0.0
Copyright (C) 2021 ARM Ltd and ARM Germany GmbH. All rights reserved.
License Information: Tan Khue Vo, ABC, LIC=BUURY-I1LV0-Z9KG9-45YJZ-P81H8-RPFFA
 
Tool Versions:
Toolchain:       MDK-ARM Plus  Version: 5.36.0.0
Toolchain Path:  C:\Keil_v5\ARM\ARMCC\Bin
C Compiler:      Armcc.exe V5.06 update 7 (build 960)
Assembler:       Armasm.exe V5.06 update 7 (build 960)
Linker/Locator:  ArmLink.exe V5.06 update 7 (build 960)
Library Manager: ArmAr.exe V5.06 update 7 (build 960)
Hex Converter:   FromElf.exe V5.06 update 7 (build 960)
CPU DLL:         SARMCM3.DLL V5.36.0.0
Dialog DLL:      DCM.DLL V1.17.3.0
Target DLL:      STLink\ST-LINKIII-KEIL_SWO.dll V3.0.9.0
Dialog DLL:      TCM.DLL V1.53.0.0
 
<h2>Project:</h2>
C:\Users\THIS PC\Desktop\STM32_HinhTraiTim\STM32_HinhTraiTim\MDK-ARM\STM32_HinhTraiTim.uvprojx
Project File Date:  11/01/2021

<h2>Output:</h2>
*** Using Compiler 'V5.06 update 7 (build 960)', folder: 'C:\Keil_v5\ARM\ARMCC\Bin'
Build target 'STM32_HinhTraiTim'
compiling main.c...
../Core/Src/main.c(65): warning:  #1295-D: Deprecated declaration SangHetDen - give arg types
  void SangHetDen();
../Core/Src/main.c(66): warning:  #1295-D: Deprecated declaration TatHetDen - give arg types
  void TatHetDen();
../Core/Src/main.c(67): warning:  #1295-D: Deprecated declaration SangLanLuot - give arg types
  void SangLanLuot();
../Core/Src/main.c(68): warning:  #1295-D: Deprecated declaration SangLanLuot2 - give arg types
  void SangLanLuot2();
../Core/Src/main.c: 4 warnings, 0 errors
linking...
Program Size: Code=4580 RO-data=452 RW-data=16 ZI-data=1632  
FromELF: creating hex file...
"STM32_HinhTraiTim\STM32_HinhTraiTim.axf" - 0 Error(s), 4 Warning(s).

<h2>Software Packages used:</h2>

Package Vendor: ARM
                http://www.keil.com/pack/ARM.CMSIS.5.8.0.pack
                ARM.CMSIS.5.8.0
                CMSIS (Common Microcontroller Software Interface Standard)
   * Component: CORE Version: 5.5.0

<h2>Collection of Component include folders:</h2>
  .\RTE\_STM32_HinhTraiTim
  C:\Users\THIS PC\AppData\Local\Arm\Packs\ARM\CMSIS\5.8.0\CMSIS\Core\Include

<h2>Collection of Component Files used:</h2>

   * Component: ARM::CMSIS:CORE:5.5.0
Build Time Elapsed:  00:00:02
</pre>
</body>
</html>
